// Jest Snapshot v1, https://goo.gl/fbAQLP

exports[`renders correctly h1 tag with text 1`] = `
<div
  className="App"
>
  <header
    className="App-wrapper"
  >
    <div
      className="App-box"
    >
      <h1>
        Monitor
      </h1>
      <h2>
        Your simple health tracker
      </h2>
    </div>
  </header>
</div>
`;
